2026-05-17 13:42:10.261: [INFO][Sync] Reset engine, reason: 8
2026-05-17 13:42:10.261: [INFO][Sync] Stopped: Bookmarks
2026-05-17 13:42:10.261: [INFO][Sync] Stopped: Preferences
2026-05-17 13:42:10.261: [INFO][Sync] Stopped: Passwords
2026-05-17 13:42:10.261: [INFO][Sync] Stopped: Autofill Profiles
2026-05-17 13:42:10.261: [INFO][Sync] Stopped: Autofill
2026-05-17 13:42:10.261: [INFO][Sync] Stopped: Extensions
2026-05-17 13:42:10.261: [INFO][Sync] Stopped: Sessions
2026-05-17 13:42:10.261: [INFO][Sync] Stopped: Extension settings
2026-05-17 13:42:10.261: [INFO][Sync] Stopped: History Delete Directives
2026-05-17 13:42:10.261: [INFO][Sync] Stopped: Device Info
2026-05-17 13:42:10.261: [INFO][Sync] Stopped: User Consents
2026-05-17 13:42:10.261: [INFO][Sync] Stopped: Send Tab To Self
2026-05-17 13:42:10.261: [INFO][Sync] Stopped: Web Apps
2026-05-17 13:42:10.261: [INFO][Sync] Stopped: History
2026-05-17 13:42:10.261: [INFO][Sync] Stopped: Saved Tab Group
2026-05-17 13:42:10.261: [INFO][Sync] Stopped: WebAuthn Credentials
2026-05-17 13:42:10.261: [INFO][Sync] Stopped: Collection
2026-05-17 13:42:10.261: [INFO][Sync] Stopped: Edge E Drop
2026-05-17 13:42:10.261: [INFO][Sync] Stopped: Edge Hub App Usage
2026-05-17 13:42:10.261: [INFO][Sync] Stopped: Edge Journey
2026-05-17 13:42:10.261: [INFO][Sync] Stopped: Edge Wallet
2026-05-17 13:42:10.261: [INFO][Sync] Stopped: Edge Workspace
2026-05-17 13:42:10.261: [INFO][Sync] SyncState after authenticated was: NotSignedIn
2026-05-17 13:42:10.796: [INFO][Sync] Reset engine, reason: 8
2026-05-17 13:42:10.796: [INFO][Sync] Stopped: Bookmarks
2026-05-17 13:42:10.796: [INFO][Sync] Stopped: Preferences
2026-05-17 13:42:10.796: [INFO][Sync] Stopped: Passwords
2026-05-17 13:42:10.796: [INFO][Sync] Stopped: Autofill Profiles
2026-05-17 13:42:10.796: [INFO][Sync] Stopped: Autofill
2026-05-17 13:42:10.796: [INFO][Sync] Stopped: Extensions
2026-05-17 13:42:10.796: [INFO][Sync] Stopped: Sessions
2026-05-17 13:42:10.796: [INFO][Sync] Stopped: Extension settings
2026-05-17 13:42:10.796: [INFO][Sync] Stopped: History Delete Directives
2026-05-17 13:42:10.796: [INFO][Sync] Stopped: Device Info
2026-05-17 13:42:10.796: [INFO][Sync] Stopped: User Consents
2026-05-17 13:42:10.796: [INFO][Sync] Stopped: Send Tab To Self
2026-05-17 13:42:10.796: [INFO][Sync] Stopped: Web Apps
2026-05-17 13:42:10.796: [INFO][Sync] Stopped: History
2026-05-17 13:42:10.796: [INFO][Sync] Stopped: Saved Tab Group
2026-05-17 13:42:10.796: [INFO][Sync] Stopped: WebAuthn Credentials
2026-05-17 13:42:10.796: [INFO][Sync] Stopped: Collection
2026-05-17 13:42:10.796: [INFO][Sync] Stopped: Edge E Drop
2026-05-17 13:42:10.796: [INFO][Sync] Stopped: Edge Hub App Usage
2026-05-17 13:42:10.796: [INFO][Sync] Stopped: Edge Journey
2026-05-17 13:42:10.796: [INFO][Sync] Stopped: Edge Wallet
2026-05-17 13:42:10.796: [INFO][Sync] Stopped: Edge Workspace
2026-05-17 13:56:16.307: [INFO][Sync] Reset engine, reason: 0
2026-05-17 14:00:40.299: [INFO][Sync] Reset engine, reason: 8
2026-05-17 14:00:40.299: [INFO][Sync] Stopped: Bookmarks
2026-05-17 14:00:40.299: [INFO][Sync] Stopped: Preferences
2026-05-17 14:00:40.299: [INFO][Sync] Stopped: Passwords
2026-05-17 14:00:40.299: [INFO][Sync] Stopped: Autofill Profiles
2026-05-17 14:00:40.299: [INFO][Sync] Stopped: Autofill
2026-05-17 14:00:40.299: [INFO][Sync] Stopped: Extensions
2026-05-17 14:00:40.299: [INFO][Sync] Stopped: Sessions
2026-05-17 14:00:40.299: [INFO][Sync] Stopped: Extension settings
2026-05-17 14:00:40.299: [INFO][Sync] Stopped: History Delete Directives
2026-05-17 14:00:40.299: [INFO][Sync] Stopped: Device Info
2026-05-17 14:00:40.299: [INFO][Sync] Stopped: User Consents
2026-05-17 14:00:40.299: [INFO][Sync] Stopped: Send Tab To Self
2026-05-17 14:00:40.299: [INFO][Sync] Stopped: Web Apps
2026-05-17 14:00:40.299: [INFO][Sync] Stopped: History
2026-05-17 14:00:40.299: [INFO][Sync] Stopped: Saved Tab Group
2026-05-17 14:00:40.299: [INFO][Sync] Stopped: WebAuthn Credentials
2026-05-17 14:00:40.299: [INFO][Sync] Stopped: Collection
2026-05-17 14:00:40.299: [INFO][Sync] Stopped: Edge E Drop
2026-05-17 14:00:40.299: [INFO][Sync] Stopped: Edge Hub App Usage
2026-05-17 14:00:40.299: [INFO][Sync] Stopped: Edge Journey
2026-05-17 14:00:40.299: [INFO][Sync] Stopped: Edge Wallet
2026-05-17 14:00:40.299: [INFO][Sync] Stopped: Edge Workspace
2026-05-17 14:00:40.299: [INFO][Sync] SyncState after authenticated was: NotSignedIn
2026-05-17 14:00:40.791: [INFO][Sync] Reset engine, reason: 8
2026-05-17 14:00:40.791: [INFO][Sync] Stopped: Bookmarks
2026-05-17 14:00:40.791: [INFO][Sync] Stopped: Preferences
2026-05-17 14:00:40.791: [INFO][Sync] Stopped: Passwords
2026-05-17 14:00:40.791: [INFO][Sync] Stopped: Autofill Profiles
2026-05-17 14:00:40.791: [INFO][Sync] Stopped: Autofill
2026-05-17 14:00:40.791: [INFO][Sync] Stopped: Extensions
2026-05-17 14:00:40.791: [INFO][Sync] Stopped: Sessions
2026-05-17 14:00:40.791: [INFO][Sync] Stopped: Extension settings
2026-05-17 14:00:40.791: [INFO][Sync] Stopped: History Delete Directives
2026-05-17 14:00:40.791: [INFO][Sync] Stopped: Device Info
2026-05-17 14:00:40.791: [INFO][Sync] Stopped: User Consents
2026-05-17 14:00:40.791: [INFO][Sync] Stopped: Send Tab To Self
2026-05-17 14:00:40.791: [INFO][Sync] Stopped: Web Apps
2026-05-17 14:00:40.791: [INFO][Sync] Stopped: History
2026-05-17 14:00:40.791: [INFO][Sync] Stopped: Saved Tab Group
2026-05-17 14:00:40.791: [INFO][Sync] Stopped: WebAuthn Credentials
2026-05-17 14:00:40.791: [INFO][Sync] Stopped: Collection
2026-05-17 14:00:40.791: [INFO][Sync] Stopped: Edge E Drop
2026-05-17 14:00:40.791: [INFO][Sync] Stopped: Edge Hub App Usage
2026-05-17 14:00:40.791: [INFO][Sync] Stopped: Edge Journey
2026-05-17 14:00:40.791: [INFO][Sync] Stopped: Edge Wallet
2026-05-17 14:00:40.791: [INFO][Sync] Stopped: Edge Workspace
2026-05-17 14:03:00.419: [INFO][Sync] Reset engine, reason: 0
2026-05-17 14:03:45.136: [INFO][Sync] Reset engine, reason: 8
2026-05-17 14:03:45.136: [INFO][Sync] Stopped: Bookmarks
2026-05-17 14:03:45.136: [INFO][Sync] Stopped: Preferences
2026-05-17 14:03:45.136: [INFO][Sync] Stopped: Passwords
2026-05-17 14:03:45.136: [INFO][Sync] Stopped: Autofill Profiles
2026-05-17 14:03:45.136: [INFO][Sync] Stopped: Autofill
2026-05-17 14:03:45.136: [INFO][Sync] Stopped: Extensions
2026-05-17 14:03:45.136: [INFO][Sync] Stopped: Sessions
2026-05-17 14:03:45.136: [INFO][Sync] Stopped: Extension settings
2026-05-17 14:03:45.136: [INFO][Sync] Stopped: History Delete Directives
2026-05-17 14:03:45.136: [INFO][Sync] Stopped: Device Info
2026-05-17 14:03:45.136: [INFO][Sync] Stopped: User Consents
2026-05-17 14:03:45.136: [INFO][Sync] Stopped: Send Tab To Self
2026-05-17 14:03:45.136: [INFO][Sync] Stopped: Web Apps
2026-05-17 14:03:45.136: [INFO][Sync] Stopped: History
2026-05-17 14:03:45.136: [INFO][Sync] Stopped: Saved Tab Group
2026-05-17 14:03:45.136: [INFO][Sync] Stopped: WebAuthn Credentials
2026-05-17 14:03:45.136: [INFO][Sync] Stopped: Collection
2026-05-17 14:03:45.136: [INFO][Sync] Stopped: Edge E Drop
2026-05-17 14:03:45.136: [INFO][Sync] Stopped: Edge Hub App Usage
2026-05-17 14:03:45.136: [INFO][Sync] Stopped: Edge Journey
2026-05-17 14:03:45.136: [INFO][Sync] Stopped: Edge Wallet
2026-05-17 14:03:45.136: [INFO][Sync] Stopped: Edge Workspace
2026-05-17 14:03:45.137: [INFO][Sync] SyncState after authenticated was: NotSignedIn
2026-05-17 14:03:45.623: [INFO][Sync] Reset engine, reason: 8
2026-05-17 14:03:45.623: [INFO][Sync] Stopped: Bookmarks
2026-05-17 14:03:45.623: [INFO][Sync] Stopped: Preferences
2026-05-17 14:03:45.623: [INFO][Sync] Stopped: Passwords
2026-05-17 14:03:45.623: [INFO][Sync] Stopped: Autofill Profiles
2026-05-17 14:03:45.623: [INFO][Sync] Stopped: Autofill
2026-05-17 14:03:45.623: [INFO][Sync] Stopped: Extensions
2026-05-17 14:03:45.623: [INFO][Sync] Stopped: Sessions
2026-05-17 14:03:45.623: [INFO][Sync] Stopped: Extension settings
2026-05-17 14:03:45.623: [INFO][Sync] Stopped: History Delete Directives
2026-05-17 14:03:45.623: [INFO][Sync] Stopped: Device Info
2026-05-17 14:03:45.623: [INFO][Sync] Stopped: User Consents
2026-05-17 14:03:45.623: [INFO][Sync] Stopped: Send Tab To Self
2026-05-17 14:03:45.623: [INFO][Sync] Stopped: Web Apps
2026-05-17 14:03:45.623: [INFO][Sync] Stopped: History
2026-05-17 14:03:45.623: [INFO][Sync] Stopped: Saved Tab Group
2026-05-17 14:03:45.623: [INFO][Sync] Stopped: WebAuthn Credentials
2026-05-17 14:03:45.623: [INFO][Sync] Stopped: Collection
2026-05-17 14:03:45.623: [INFO][Sync] Stopped: Edge E Drop
2026-05-17 14:03:45.623: [INFO][Sync] Stopped: Edge Hub App Usage
2026-05-17 14:03:45.623: [INFO][Sync] Stopped: Edge Journey
2026-05-17 14:03:45.623: [INFO][Sync] Stopped: Edge Wallet
2026-05-17 14:03:45.623: [INFO][Sync] Stopped: Edge Workspace
2026-05-17 14:07:18.660: [INFO][Sync] Reset engine, reason: 0
2026-05-17 14:08:00.341: [INFO][Sync] Reset engine, reason: 8
2026-05-17 14:08:00.341: [INFO][Sync] Stopped: Bookmarks
2026-05-17 14:08:00.342: [INFO][Sync] Stopped: Preferences
2026-05-17 14:08:00.342: [INFO][Sync] Stopped: Passwords
2026-05-17 14:08:00.342: [INFO][Sync] Stopped: Autofill Profiles
2026-05-17 14:08:00.342: [INFO][Sync] Stopped: Autofill
2026-05-17 14:08:00.342: [INFO][Sync] Stopped: Extensions
2026-05-17 14:08:00.342: [INFO][Sync] Stopped: Sessions
2026-05-17 14:08:00.342: [INFO][Sync] Stopped: Extension settings
2026-05-17 14:08:00.342: [INFO][Sync] Stopped: History Delete Directives
2026-05-17 14:08:00.342: [INFO][Sync] Stopped: Device Info
2026-05-17 14:08:00.342: [INFO][Sync] Stopped: User Consents
2026-05-17 14:08:00.342: [INFO][Sync] Stopped: Send Tab To Self
2026-05-17 14:08:00.342: [INFO][Sync] Stopped: Web Apps
2026-05-17 14:08:00.342: [INFO][Sync] Stopped: History
2026-05-17 14:08:00.342: [INFO][Sync] Stopped: Saved Tab Group
2026-05-17 14:08:00.342: [INFO][Sync] Stopped: WebAuthn Credentials
2026-05-17 14:08:00.342: [INFO][Sync] Stopped: Collection
2026-05-17 14:08:00.342: [INFO][Sync] Stopped: Edge E Drop
2026-05-17 14:08:00.342: [INFO][Sync] Stopped: Edge Hub App Usage
2026-05-17 14:08:00.342: [INFO][Sync] Stopped: Edge Journey
2026-05-17 14:08:00.342: [INFO][Sync] Stopped: Edge Wallet
2026-05-17 14:08:00.342: [INFO][Sync] Stopped: Edge Workspace
2026-05-17 14:08:00.342: [INFO][Sync] SyncState after authenticated was: NotSignedIn
2026-05-17 14:08:00.883: [INFO][Sync] Reset engine, reason: 8
2026-05-17 14:08:00.883: [INFO][Sync] Stopped: Bookmarks
2026-05-17 14:08:00.883: [INFO][Sync] Stopped: Preferences
2026-05-17 14:08:00.883: [INFO][Sync] Stopped: Passwords
2026-05-17 14:08:00.883: [INFO][Sync] Stopped: Autofill Profiles
2026-05-17 14:08:00.883: [INFO][Sync] Stopped: Autofill
2026-05-17 14:08:00.883: [INFO][Sync] Stopped: Extensions
2026-05-17 14:08:00.883: [INFO][Sync] Stopped: Sessions
2026-05-17 14:08:00.883: [INFO][Sync] Stopped: Extension settings
2026-05-17 14:08:00.883: [INFO][Sync] Stopped: History Delete Directives
2026-05-17 14:08:00.883: [INFO][Sync] Stopped: Device Info
2026-05-17 14:08:00.883: [INFO][Sync] Stopped: User Consents
2026-05-17 14:08:00.883: [INFO][Sync] Stopped: Send Tab To Self
2026-05-17 14:08:00.883: [INFO][Sync] Stopped: Web Apps
2026-05-17 14:08:00.883: [INFO][Sync] Stopped: History
2026-05-17 14:08:00.883: [INFO][Sync] Stopped: Saved Tab Group
2026-05-17 14:08:00.883: [INFO][Sync] Stopped: WebAuthn Credentials
2026-05-17 14:08:00.883: [INFO][Sync] Stopped: Collection
2026-05-17 14:08:00.883: [INFO][Sync] Stopped: Edge E Drop
2026-05-17 14:08:00.883: [INFO][Sync] Stopped: Edge Hub App Usage
2026-05-17 14:08:00.883: [INFO][Sync] Stopped: Edge Journey
2026-05-17 14:08:00.884: [INFO][Sync] Stopped: Edge Wallet
2026-05-17 14:08:00.884: [INFO][Sync] Stopped: Edge Workspace
2026-05-17 14:12:54.691: [INFO][Sync] Reset engine, reason: 8
2026-05-17 14:12:54.691: [INFO][Sync] Stopped: Bookmarks
2026-05-17 14:12:54.691: [INFO][Sync] Stopped: Preferences
2026-05-17 14:12:54.691: [INFO][Sync] Stopped: Passwords
2026-05-17 14:12:54.691: [INFO][Sync] Stopped: Autofill Profiles
2026-05-17 14:12:54.691: [INFO][Sync] Stopped: Autofill
2026-05-17 14:12:54.691: [INFO][Sync] Stopped: Extensions
2026-05-17 14:12:54.691: [INFO][Sync] Stopped: Sessions
2026-05-17 14:12:54.691: [INFO][Sync] Stopped: Extension settings
2026-05-17 14:12:54.691: [INFO][Sync] Stopped: History Delete Directives
2026-05-17 14:12:54.691: [INFO][Sync] Stopped: Device Info
2026-05-17 14:12:54.691: [INFO][Sync] Stopped: User Consents
2026-05-17 14:12:54.691: [INFO][Sync] Stopped: Send Tab To Self
2026-05-17 14:12:54.691: [INFO][Sync] Stopped: Web Apps
2026-05-17 14:12:54.691: [INFO][Sync] Stopped: History
2026-05-17 14:12:54.691: [INFO][Sync] Stopped: Saved Tab Group
2026-05-17 14:12:54.691: [INFO][Sync] Stopped: WebAuthn Credentials
2026-05-17 14:12:54.691: [INFO][Sync] Stopped: Collection
2026-05-17 14:12:54.691: [INFO][Sync] Stopped: Edge E Drop
2026-05-17 14:12:54.691: [INFO][Sync] Stopped: Edge Hub App Usage
2026-05-17 14:12:54.691: [INFO][Sync] Stopped: Edge Journey
2026-05-17 14:12:54.691: [INFO][Sync] Stopped: Edge Wallet
2026-05-17 14:12:54.691: [INFO][Sync] Stopped: Edge Workspace
2026-05-17 14:12:54.691: [INFO][Sync] SyncState after authenticated was: NotSignedIn
2026-05-17 14:12:55.167: [INFO][Sync] Reset engine, reason: 8
2026-05-17 14:12:55.167: [INFO][Sync] Stopped: Bookmarks
2026-05-17 14:12:55.167: [INFO][Sync] Stopped: Preferences
2026-05-17 14:12:55.168: [INFO][Sync] Stopped: Passwords
2026-05-17 14:12:55.168: [INFO][Sync] Stopped: Autofill Profiles
2026-05-17 14:12:55.168: [INFO][Sync] Stopped: Autofill
2026-05-17 14:12:55.168: [INFO][Sync] Stopped: Extensions
2026-05-17 14:12:55.168: [INFO][Sync] Stopped: Sessions
2026-05-17 14:12:55.168: [INFO][Sync] Stopped: Extension settings
2026-05-17 14:12:55.168: [INFO][Sync] Stopped: History Delete Directives
2026-05-17 14:12:55.168: [INFO][Sync] Stopped: Device Info
2026-05-17 14:12:55.168: [INFO][Sync] Stopped: User Consents
2026-05-17 14:12:55.168: [INFO][Sync] Stopped: Send Tab To Self
2026-05-17 14:12:55.168: [INFO][Sync] Stopped: Web Apps
2026-05-17 14:12:55.168: [INFO][Sync] Stopped: History
2026-05-17 14:12:55.168: [INFO][Sync] Stopped: Saved Tab Group
2026-05-17 14:12:55.168: [INFO][Sync] Stopped: WebAuthn Credentials
2026-05-17 14:12:55.168: [INFO][Sync] Stopped: Collection
2026-05-17 14:12:55.168: [INFO][Sync] Stopped: Edge E Drop
2026-05-17 14:12:55.168: [INFO][Sync] Stopped: Edge Hub App Usage
2026-05-17 14:12:55.168: [INFO][Sync] Stopped: Edge Journey
2026-05-17 14:12:55.168: [INFO][Sync] Stopped: Edge Wallet
2026-05-17 14:12:55.168: [INFO][Sync] Stopped: Edge Workspace
2026-05-17 14:14:58.432: [INFO][Sync] Reset engine, reason: 0
2026-05-17 14:16:56.684: [INFO][Sync] Reset engine, reason: 8
2026-05-17 14:16:56.684: [INFO][Sync] Stopped: Bookmarks
2026-05-17 14:16:56.684: [INFO][Sync] Stopped: Preferences
2026-05-17 14:16:56.684: [INFO][Sync] Stopped: Passwords
2026-05-17 14:16:56.684: [INFO][Sync] Stopped: Autofill Profiles
2026-05-17 14:16:56.684: [INFO][Sync] Stopped: Autofill
2026-05-17 14:16:56.684: [INFO][Sync] Stopped: Extensions
2026-05-17 14:16:56.684: [INFO][Sync] Stopped: Sessions
2026-05-17 14:16:56.684: [INFO][Sync] Stopped: Extension settings
2026-05-17 14:16:56.684: [INFO][Sync] Stopped: History Delete Directives
2026-05-17 14:16:56.684: [INFO][Sync] Stopped: Device Info
2026-05-17 14:16:56.684: [INFO][Sync] Stopped: User Consents
2026-05-17 14:16:56.684: [INFO][Sync] Stopped: Send Tab To Self
2026-05-17 14:16:56.684: [INFO][Sync] Stopped: Web Apps
2026-05-17 14:16:56.684: [INFO][Sync] Stopped: History
2026-05-17 14:16:56.684: [INFO][Sync] Stopped: Saved Tab Group
2026-05-17 14:16:56.684: [INFO][Sync] Stopped: WebAuthn Credentials
2026-05-17 14:16:56.684: [INFO][Sync] Stopped: Collection
2026-05-17 14:16:56.684: [INFO][Sync] Stopped: Edge E Drop
2026-05-17 14:16:56.684: [INFO][Sync] Stopped: Edge Hub App Usage
2026-05-17 14:16:56.684: [INFO][Sync] Stopped: Edge Journey
2026-05-17 14:16:56.684: [INFO][Sync] Stopped: Edge Wallet
2026-05-17 14:16:56.684: [INFO][Sync] Stopped: Edge Workspace
2026-05-17 14:16:56.684: [INFO][Sync] SyncState after authenticated was: NotSignedIn
2026-05-17 14:16:57.170: [INFO][Sync] Reset engine, reason: 8
2026-05-17 14:16:57.170: [INFO][Sync] Stopped: Bookmarks
2026-05-17 14:16:57.170: [INFO][Sync] Stopped: Preferences
2026-05-17 14:16:57.170: [INFO][Sync] Stopped: Passwords
2026-05-17 14:16:57.170: [INFO][Sync] Stopped: Autofill Profiles
2026-05-17 14:16:57.170: [INFO][Sync] Stopped: Autofill
2026-05-17 14:16:57.170: [INFO][Sync] Stopped: Extensions
2026-05-17 14:16:57.170: [INFO][Sync] Stopped: Sessions
2026-05-17 14:16:57.170: [INFO][Sync] Stopped: Extension settings
2026-05-17 14:16:57.170: [INFO][Sync] Stopped: History Delete Directives
2026-05-17 14:16:57.170: [INFO][Sync] Stopped: Device Info
2026-05-17 14:16:57.170: [INFO][Sync] Stopped: User Consents
2026-05-17 14:16:57.170: [INFO][Sync] Stopped: Send Tab To Self
2026-05-17 14:16:57.170: [INFO][Sync] Stopped: Web Apps
2026-05-17 14:16:57.170: [INFO][Sync] Stopped: History
2026-05-17 14:16:57.170: [INFO][Sync] Stopped: Saved Tab Group
2026-05-17 14:16:57.170: [INFO][Sync] Stopped: WebAuthn Credentials
2026-05-17 14:16:57.170: [INFO][Sync] Stopped: Collection
2026-05-17 14:16:57.170: [INFO][Sync] Stopped: Edge E Drop
2026-05-17 14:16:57.170: [INFO][Sync] Stopped: Edge Hub App Usage
2026-05-17 14:16:57.170: [INFO][Sync] Stopped: Edge Journey
2026-05-17 14:16:57.170: [INFO][Sync] Stopped: Edge Wallet
2026-05-17 14:16:57.170: [INFO][Sync] Stopped: Edge Workspace
2026-05-17 14:22:00.343: [INFO][Sync] Reset engine, reason: 0
2026-05-17 14:22:09.313: [INFO][Sync] Reset engine, reason: 8
2026-05-17 14:22:09.313: [INFO][Sync] Stopped: Bookmarks
2026-05-17 14:22:09.313: [INFO][Sync] Stopped: Preferences
2026-05-17 14:22:09.314: [INFO][Sync] Stopped: Passwords
2026-05-17 14:22:09.314: [INFO][Sync] Stopped: Autofill Profiles
2026-05-17 14:22:09.314: [INFO][Sync] Stopped: Autofill
2026-05-17 14:22:09.314: [INFO][Sync] Stopped: Extensions
2026-05-17 14:22:09.314: [INFO][Sync] Stopped: Sessions
2026-05-17 14:22:09.314: [INFO][Sync] Stopped: Extension settings
2026-05-17 14:22:09.314: [INFO][Sync] Stopped: History Delete Directives
2026-05-17 14:22:09.314: [INFO][Sync] Stopped: Device Info
2026-05-17 14:22:09.314: [INFO][Sync] Stopped: User Consents
2026-05-17 14:22:09.314: [INFO][Sync] Stopped: Send Tab To Self
2026-05-17 14:22:09.314: [INFO][Sync] Stopped: Web Apps
2026-05-17 14:22:09.314: [INFO][Sync] Stopped: History
2026-05-17 14:22:09.314: [INFO][Sync] Stopped: Saved Tab Group
2026-05-17 14:22:09.314: [INFO][Sync] Stopped: WebAuthn Credentials
2026-05-17 14:22:09.314: [INFO][Sync] Stopped: Collection
2026-05-17 14:22:09.314: [INFO][Sync] Stopped: Edge E Drop
2026-05-17 14:22:09.314: [INFO][Sync] Stopped: Edge Hub App Usage
2026-05-17 14:22:09.314: [INFO][Sync] Stopped: Edge Journey
2026-05-17 14:22:09.314: [INFO][Sync] Stopped: Edge Wallet
2026-05-17 14:22:09.314: [INFO][Sync] Stopped: Edge Workspace
2026-05-17 14:22:09.314: [INFO][Sync] SyncState after authenticated was: NotSignedIn
2026-05-17 14:22:09.829: [INFO][Sync] Reset engine, reason: 8
2026-05-17 14:22:09.829: [INFO][Sync] Stopped: Bookmarks
2026-05-17 14:22:09.829: [INFO][Sync] Stopped: Preferences
2026-05-17 14:22:09.829: [INFO][Sync] Stopped: Passwords
2026-05-17 14:22:09.829: [INFO][Sync] Stopped: Autofill Profiles
2026-05-17 14:22:09.829: [INFO][Sync] Stopped: Autofill
2026-05-17 14:22:09.829: [INFO][Sync] Stopped: Extensions
2026-05-17 14:22:09.829: [INFO][Sync] Stopped: Sessions
2026-05-17 14:22:09.829: [INFO][Sync] Stopped: Extension settings
2026-05-17 14:22:09.829: [INFO][Sync] Stopped: History Delete Directives
2026-05-17 14:22:09.829: [INFO][Sync] Stopped: Device Info
2026-05-17 14:22:09.829: [INFO][Sync] Stopped: User Consents
2026-05-17 14:22:09.829: [INFO][Sync] Stopped: Send Tab To Self
2026-05-17 14:22:09.829: [INFO][Sync] Stopped: Web Apps
2026-05-17 14:22:09.829: [INFO][Sync] Stopped: History
2026-05-17 14:22:09.829: [INFO][Sync] Stopped: Saved Tab Group
2026-05-17 14:22:09.829: [INFO][Sync] Stopped: WebAuthn Credentials
2026-05-17 14:22:09.829: [INFO][Sync] Stopped: Collection
2026-05-17 14:22:09.829: [INFO][Sync] Stopped: Edge E Drop
2026-05-17 14:22:09.829: [INFO][Sync] Stopped: Edge Hub App Usage
2026-05-17 14:22:09.829: [INFO][Sync] Stopped: Edge Journey
2026-05-17 14:22:09.829: [INFO][Sync] Stopped: Edge Wallet
2026-05-17 14:22:09.829: [INFO][Sync] Stopped: Edge Workspace
2026-05-17 14:25:42.564: [INFO][Sync] Reset engine, reason: 0
2026-05-17 14:41:43.290: [INFO][Sync] Reset engine, reason: 8
2026-05-17 14:41:43.290: [INFO][Sync] Stopped: Bookmarks
2026-05-17 14:41:43.290: [INFO][Sync] Stopped: Preferences
2026-05-17 14:41:43.290: [INFO][Sync] Stopped: Passwords
2026-05-17 14:41:43.290: [INFO][Sync] Stopped: Autofill Profiles
2026-05-17 14:41:43.290: [INFO][Sync] Stopped: Autofill
2026-05-17 14:41:43.290: [INFO][Sync] Stopped: Extensions
2026-05-17 14:41:43.290: [INFO][Sync] Stopped: Sessions
2026-05-17 14:41:43.290: [INFO][Sync] Stopped: Extension settings
2026-05-17 14:41:43.290: [INFO][Sync] Stopped: History Delete Directives
2026-05-17 14:41:43.290: [INFO][Sync] Stopped: Device Info
2026-05-17 14:41:43.290: [INFO][Sync] Stopped: User Consents
2026-05-17 14:41:43.290: [INFO][Sync] Stopped: Send Tab To Self
2026-05-17 14:41:43.290: [INFO][Sync] Stopped: Web Apps
2026-05-17 14:41:43.290: [INFO][Sync] Stopped: History
2026-05-17 14:41:43.290: [INFO][Sync] Stopped: Saved Tab Group
2026-05-17 14:41:43.290: [INFO][Sync] Stopped: WebAuthn Credentials
2026-05-17 14:41:43.290: [INFO][Sync] Stopped: Collection
2026-05-17 14:41:43.290: [INFO][Sync] Stopped: Edge E Drop
2026-05-17 14:41:43.290: [INFO][Sync] Stopped: Edge Hub App Usage
2026-05-17 14:41:43.290: [INFO][Sync] Stopped: Edge Journey
2026-05-17 14:41:43.290: [INFO][Sync] Stopped: Edge Wallet
2026-05-17 14:41:43.290: [INFO][Sync] Stopped: Edge Workspace
2026-05-17 14:41:43.290: [INFO][Sync] SyncState after authenticated was: NotSignedIn
2026-05-17 14:41:43.769: [INFO][Sync] Reset engine, reason: 8
2026-05-17 14:41:43.769: [INFO][Sync] Stopped: Bookmarks
2026-05-17 14:41:43.769: [INFO][Sync] Stopped: Preferences
2026-05-17 14:41:43.769: [INFO][Sync] Stopped: Passwords
2026-05-17 14:41:43.769: [INFO][Sync] Stopped: Autofill Profiles
2026-05-17 14:41:43.769: [INFO][Sync] Stopped: Autofill
2026-05-17 14:41:43.769: [INFO][Sync] Stopped: Extensions
2026-05-17 14:41:43.769: [INFO][Sync] Stopped: Sessions
2026-05-17 14:41:43.769: [INFO][Sync] Stopped: Extension settings
2026-05-17 14:41:43.769: [INFO][Sync] Stopped: History Delete Directives
2026-05-17 14:41:43.769: [INFO][Sync] Stopped: Device Info
2026-05-17 14:41:43.769: [INFO][Sync] Stopped: User Consents
2026-05-17 14:41:43.769: [INFO][Sync] Stopped: Send Tab To Self
2026-05-17 14:41:43.769: [INFO][Sync] Stopped: Web Apps
2026-05-17 14:41:43.769: [INFO][Sync] Stopped: History
2026-05-17 14:41:43.769: [INFO][Sync] Stopped: Saved Tab Group
2026-05-17 14:41:43.769: [INFO][Sync] Stopped: WebAuthn Credentials
2026-05-17 14:41:43.769: [INFO][Sync] Stopped: Collection
2026-05-17 14:41:43.769: [INFO][Sync] Stopped: Edge E Drop
2026-05-17 14:41:43.769: [INFO][Sync] Stopped: Edge Hub App Usage
2026-05-17 14:41:43.769: [INFO][Sync] Stopped: Edge Journey
2026-05-17 14:41:43.769: [INFO][Sync] Stopped: Edge Wallet
2026-05-17 14:41:43.769: [INFO][Sync] Stopped: Edge Workspace
2026-05-17 14:46:59.743: [INFO][Sync] Reset engine, reason: 0
